<?xml version="1.0" encoding="UTF-8"?><mappingRoot xmlns="http://www.ibm.com/2008/ccl/Mapping" domainID="com.ibm.msl.mapping.xml" domainIDExtension="mb" mainMap="true" targetNamespace="default" version="8.0.5.0" xmlns:map="default">
    <input path="/INVENTORY_RECEIPT_INB.xsd"/>
    <output path="/INVENTORY_RECEIPT_INB.xsd"/>
    <generation engine="xquery"/>
    <mappingDeclaration name="RHC_RLCFromManhattan_mapEmptySpaces">
        <input path="mb:msg(INVENTORY_RECEIPT_IFD,assembly,XMLNSC,Properties)" var="MessageAssembly"/>
        <output path="mb:msg(INVENTORY_RECEIPT_IFD,assembly,XMLNSC,Properties)" var="MessageAssembly1"/>
        <move>
            <input path="$MessageAssembly/INVENTORY_RECEIPT_IFD"/>
            <output path="$MessageAssembly1/INVENTORY_RECEIPT_IFD"/>
            <override>
                <foreach>
                    <input path="$MessageAssembly/INVENTORY_RECEIPT_IFD/CTRL_SEG/INVENTORY_RECEIPT_IFD_SEG" var="INVENTORY_RECEIPT_IFD_SEG"/>
                    <output path="$MessageAssembly1/INVENTORY_RECEIPT_IFD/CTRL_SEG/INVENTORY_RECEIPT_IFD_SEG"/>
                    <move>
                        <input path="$INVENTORY_RECEIPT_IFD_SEG/."/>
                        <output path="."/>
                        <override>
                            <assign value="">
                                <output path="TRNNUM"/>
                            </assign>
                            <assign value="">
                                <output path="ORGCOD"/>
                            </assign>
                            <assign value="">
                                <output path="REVLVL"/>
                            </assign>
                            <assign value="">
                                <output path="LOTNUM"/>
                            </assign>
                            <assign value="">
                                <output path="TRKNUM"/>
                            </assign>
                            <assign value="">
                                <output path="HSTACC"/>
                            </assign>
                            <assign value="">
                                <output path="RETCOD"/>
                            </assign>
                            <assign value="">
                                <output path="SUBNUM"/>
                            </assign>
                            <assign value="">
                                <output path="INVSLN"/>
                            </assign>
                            <assign value="">
                                <output path="EXPQTY"/>
                            </assign>
                            <assign value="">
                                <output path="SADNUM"/>
                            </assign>
                            <assign value="">
                                <output path="WAYBILL"/>
                            </assign>
                            <assign value="">
                                <output path="ORGREF"/>
                            </assign>
                            <assign value="">
                                <output path="RIMFLG"/>
                            </assign>
                            <assign value="">
                                <output path="CATCH_UNTTYP"/>
                            </assign>
                            <assign value="">
                                <output path="CATCH_QTY"/>
                            </assign>
                            <assign value="">
                                <output path="VC_TOTQTY"/>
                            </assign>
                        </override>
                    </move>
                </foreach>
            </override>
        </move>
    </mappingDeclaration>
</mappingRoot>